// Jest Snapshot v1, https://goo.gl/fbAQLP

exports[`SharePermalinkButton should match snapshot. 1`] = `
<div
  className="wkp-share-permalink-button"
>
  <div
    aria-label="Permalink generieren"
    className="tm-button"
    onClick={[Function]}
    onKeyPress={[Function]}
    role="button"
    tabIndex={0}
    title="Permalink generieren"
  >
    <svg
      focusable={false}
    >
      link_152_large.svg
    </svg>
  </div>
</div>
`;
