// Jest Snapshot v1, https://goo.gl/fbAQLP

exports[`Share should match snapshot. 1`] = `
<div
  className="wkp-share"
>
  <div
    autodownload="false"
    className="no-css"
    disabled={false}
    onClick={[Function]}
    onKeyPress={[Function]}
    role="button"
    scale={1}
    style={
      Object {
        "opacity": 1,
        "pointerEvents": "default",
        "width": "auto",
      }
    }
    tabIndex={0}
    title="Als PNG speichern"
  >
    <button
      type="button"
    >
      A0 (72dpi)
    </button>
  </div>
  <div
    autodownload="false"
    className="no-css"
    disabled={false}
    onClick={[Function]}
    onKeyPress={[Function]}
    role="button"
    scale={1}
    style={
      Object {
        "opacity": 1,
        "pointerEvents": "default",
        "width": "auto",
      }
    }
    tabIndex={0}
    title="Als PNG speichern"
  >
    <button
      type="button"
    >
      A0 (150dpi)
    </button>
  </div>
  <div
    autodownload="false"
    className="no-css"
    disabled={false}
    onClick={[Function]}
    onKeyPress={[Function]}
    role="button"
    scale={1}
    style={
      Object {
        "opacity": 1,
        "pointerEvents": "default",
        "width": "auto",
      }
    }
    tabIndex={0}
    title="Als PNG speichern"
  >
    <button
      type="button"
    >
      A0 (300dpi)
    </button>
  </div>
  <div
    autodownload="false"
    className="no-css"
    disabled={false}
    onClick={[Function]}
    onKeyPress={[Function]}
    role="button"
    scale={1}
    style={
      Object {
        "opacity": 1,
        "pointerEvents": "default",
        "width": "auto",
      }
    }
    tabIndex={0}
    title="Als PNG speichern"
  >
    <button
      type="button"
    >
      A1 (72dpi)
    </button>
  </div>
  <div
    autodownload="false"
    className="no-css"
    disabled={false}
    onClick={[Function]}
    onKeyPress={[Function]}
    role="button"
    scale={1}
    style={
      Object {
        "opacity": 1,
        "pointerEvents": "default",
        "width": "auto",
      }
    }
    tabIndex={0}
    title="Als PNG speichern"
  >
    <button
      type="button"
    >
      A1 (150dpi)
    </button>
  </div>
  <div
    autodownload="false"
    className="no-css"
    disabled={false}
    onClick={[Function]}
    onKeyPress={[Function]}
    role="button"
    scale={1}
    style={
      Object {
        "opacity": 1,
        "pointerEvents": "default",
        "width": "auto",
      }
    }
    tabIndex={0}
    title="Als PNG speichern"
  >
    <button
      type="button"
    >
      A1 (300dpi)
    </button>
  </div>
</div>
`;
