// Jest Snapshot v1, https://goo.gl/fbAQLP

exports[`Header match snapshots 1`] = `
<Header
  className="wkp-header"
  classNameLeft="tm-header-left"
  left={null}
>
  <div
    className="wkp-header-right"
  >
    <div
      className="wkp-header-right-bloc"
    >
      <UNDEFINED
        appBaseUrl="http://foo.de"
      />
      <UNDEFINED />
    </div>
    <ForwardRef(SvgSbbLogo)
      className="wkp-header-sbb-logo"
      focusable={false}
    />
  </div>
</Header>
`;
