// Jest Snapshot v1, https://goo.gl/fbAQLP

exports[`Header match snapshots 1`] = `
<Header
  className="wkp-header"
  classNameLeft="tm-header-left"
  left={null}
>
  <div
    className="wkp-header-right"
  >
    <Memo(Login)
      appBaseUrl="http://foo.de"
    />
    <Memo(LanguageSelect) />
    <div
      className="wkp-header-sbb-logo-wrapper"
    >
      <ForwardRef(SvgSbbLogo)
        className="wkp-header-sbb-logo"
        focusable={false}
      />
    </div>
  </div>
</Header>
`;
