// Jest Snapshot v1, https://goo.gl/fbAQLP

exports[`Header match snapshots 1`] = `
<div
  className="wkp-header"
>
  <div
    className="wkp-header-right"
  >
    <Memo(Login) />
    <Memo(LanguageSelect) />
    <div
      className="wkp-header-sbb-logo-wrapper"
    >
      <ForwardRef(SvgSbbLogo)
        className="wkp-header-sbb-logo"
        focusable={false}
      />
    </div>
  </div>
</div>
`;
