// Jest Snapshot v1, https://goo.gl/fbAQLP

exports[`DrawButton should match snapshot appending an encoded string to mapsetUrl. 1`] = `
<a
  aria-disabled={false}
  className="MuiButtonBase-root MuiIconButton-root"
  href="foo.mapset.ch?parent=http%3A%2F%2Flocalhost%2F"
  onBlur={[Function]}
  onDragLeave={[Function]}
  onFocus={[Function]}
  onKeyDown={[Function]}
  onKeyUp={[Function]}
  onMouseDown={[Function]}
  onMouseLeave={[Function]}
  onMouseUp={[Function]}
  onTouchEnd={[Function]}
  onTouchMove={[Function]}
  onTouchStart={[Function]}
  tabIndex={0}
  target="blank_"
  title="Zeichnen"
>
  <span
    className="MuiIconButton-label"
  >
    <svg
      fill="currentColor"
      focusable={false}
      height="1em"
      stroke="currentColor"
      strokeWidth="0"
      style={
        Object {
          "color": undefined,
        }
      }
      viewBox="0 0 24 24"
      width="1em"
      xmlns="http://www.w3.org/2000/svg"
    >
      <g>
        <path
          d="M0 0h24v24H0z"
          fill="none"
        />
        <path
          d="M12.9 6.858l4.242 4.243L7.242 21H3v-4.243l9.9-9.9zm1.414-1.414l2.121-2.122a1 1 0 0 1 1.414 0l2.829 2.829a1 1 0 0 1 0 1.414l-2.122 2.121-4.242-4.242z"
        />
      </g>
    </svg>
  </span>
</a>
`;
