// Jest Snapshot v1, https://goo.gl/fbAQLP

exports[`List when no properties are set matches snapshot 1`] = `""`;

exports[`List when properties are set matches snapshot with defaultItems 1`] = `""`;

exports[`List when properties are set matches snapshot with items 1`] = `
<ul role="menu"
    class="tm-foo"
>
  <li class="tm-list-item"
      role="menuitem"
      tabindex="0"
  >
    qux
  </li>
  <li class="tm-list-item"
      role="menuitem"
      tabindex="0"
  >
    quux
  </li>
  <li class="tm-list-item"
      role="menuitem"
      tabindex="0"
  >
    corge
  </li>
</ul>
`;
