// Jest Snapshot v1, https://goo.gl/fbAQLP

exports[`ExportDialog should match snapshot. 1`] = `
<div
  autodownload="false"
  className="no-css"
  disabled={true}
  onClick={[Function]}
  onKeyPress={[Function]}
  role="button"
  scale={1}
  style={
    Object {
      "opacity": 0.3,
      "pointerEvents": "none",
      "width": "auto",
    }
  }
  tabIndex={0}
  title="Als PNG speichern"
/>
`;
