// Jest Snapshot v1, https://goo.gl/fbAQLP

exports[`HandicapPopupElement matches 'Zusätzliche Informationen' snapshot. 1`] = `
<div class="wkp-handicap-popup-element">
  <p class="wkp-handicap-popup-field-title">
    Zusätzliche Informationen
  </p>
  <div class="wkp-handicap-popup-field-body">
    <p>
      Test line here
    </p>
    <p>
      <span>
      </span>
      <a href="tel:+33 666 66 66">
        +33 666 66 66
      </a>
    </p>
    <p>
      <span>
        <span>
        </span>
      </span>
      <span>
        <a href="mailto:admin@email.it">
          admin@email.it
        </a>
      </span>
    </p>
    <p>
      (text)
    </p>
    <p>
      LU-Tixi
    </p>
    <p>
      foo bar baz
    </p>
    <p>
      <span>
      </span>
      <a class="MuiTypography-root MuiTypography-inherit MuiLink-root MuiLink-underlineAlways wkp-link  css-w4uivt-MuiTypography-root-MuiLink-root"
         href="http://www.test.ch"
         rel="noopener noreferrer"
         target="_blank"
      >
        <span>
          www.test.ch
        </span>
        <svg>
          Link.svg
        </svg>
      </a>
    </p>
    <p>
      Dritte Dienstleistung
    </p>
    <p>
      Freiburg
    </p>
    <p>
      <span>
      </span>
      <a href="tel:+41 (0) 41 210 00 60">
        +41 (0) 41 210 00 60
      </a>
    </p>
    <p>
      <span>
      </span>
      <a class="MuiTypography-root MuiTypography-inherit MuiLink-root MuiLink-underlineAlways wkp-link  css-w4uivt-MuiTypography-root-MuiLink-root"
         href="http://www.geops.ch"
         rel="noopener noreferrer"
         target="_blank"
      >
        <span>
          www.geops.ch
        </span>
        <svg>
          Link.svg
        </svg>
      </a>
    </p>
  </div>
</div>
`;

exports[`HandicapPopupElement matches empty snapshot. 1`] = `""`;
