// Jest Snapshot v1, https://goo.gl/fbAQLP

exports[`HandicapPopupElement matches 'Zusätzliche Informationen' snapshot. 1`] = `
<div
  className="wkp-handicap-popup-element"
>
  <div
    aria-level="2"
    className="wkp-handicap-popup-field-title"
    role="heading"
    tabIndex={0}
  >
    Zusätzliche Informationen
  </div>
  <div
    className="wkp-handicap-popup-field-body"
  >
    <div>
      <span
        tabIndex={0}
      >
        Test line here
      </span>
    </div>
    <div>
      <span>
              
      </span>
      <a
        href="tel:+33 666 66 66"
      >
        +33 666 66 66
      </a>
    </div>
    <div>
      <span>
        <span>
                
        </span>
      </span>
      <span>
        <a
          href="mailto:admin@email.it"
        >
          admin@email.it
        </a>
      </span>
    </div>
    <div>
      <span
        tabIndex={0}
      >
              (text)
      </span>
    </div>
    <div>
      <span
        tabIndex={0}
      >
              LU-Tixi
      </span>
    </div>
    <div>
      <span
        tabIndex={0}
      >
              foo bar baz
      </span>
    </div>
    <div>
      <span>
              
      </span>
      <a
        className="wkp-link"
        href="http://www.test.ch"
        rel="noopener noreferrer"
        target="_blank"
      >
        <span>
          www.test.ch
        </span>
         
        <svg>
          Link.svg
        </svg>
      </a>
    </div>
    <div>
      <span
        tabIndex={0}
      >
              Dritte Dienstleistung
      </span>
    </div>
    <div>
      <span
        tabIndex={0}
      >
              Freiburg
      </span>
    </div>
    <div>
      <span>
              
      </span>
      <a
        href="tel:+41 (0) 41 210 00 60"
      >
        +41 (0) 41 210 00 60
      </a>
    </div>
    <div>
      <span>
              
      </span>
      <a
        className="wkp-link"
        href="http://www.geops.ch"
        rel="noopener noreferrer"
        target="_blank"
      >
        <span>
          www.geops.ch
        </span>
         
        <svg>
          Link.svg
        </svg>
      </a>
    </div>
  </div>
</div>
`;

exports[`HandicapPopupElement matches empty snapshot. 1`] = `null`;
