// Jest Snapshot v1, https://goo.gl/fbAQLP

exports[`DvListButton should match snapshot and be disabled on load. 1`] = `"<button class=\\"MuiButtonBase-root Mui-disabled MuiIconButton-root ForwardRef(IconButton)-root-1 Mui-disabled MuiIconButton-sizeSmall css-bp3e88-MuiButtonBase-root-MuiIconButton-root\\" tabindex=\\"-1\\" type=\\"button\\" disabled=\\"\\" style=\\"padding: 8px;\\" title=\\"Alle Direktverbindungen anzeigen\\" data-testid=\\"dv-list-button\\"><svg>list-icon-sbb.svg</svg></button>,"`;
