// Jest Snapshot v1, https://goo.gl/fbAQLP

exports[`AusbauFilters should match snapshot if isShowFilter is false, should display null. 1`] = `null`;

exports[`AusbauFilters should match snapshot if isShowFilter is true, should display a select box 1`] = `null`;

exports[`AusbauFilters should match snapshot if no layer defined, should display null. 1`] = `null`;
