// Jest Snapshot v1, https://goo.gl/fbAQLP

exports[`ExportMenu should match snapshot when logged in. 1`] = `
<div
  id="test"
>
  <div
    className="wkp-menu-item  "
  >
    <div
      aria-expanded={true}
      className="wkp-menu-item-header open"
      onClick={[Function]}
      onKeyPress={[Function]}
      role="button"
      tabIndex={0}
    >
      <div
        className="wkp-menu-item-header-icon"
      >
        <svg
          fill="currentColor"
          focusable={false}
          height="1em"
          stroke="currentColor"
          strokeWidth="0"
          style={
            Object {
              "color": undefined,
            }
          }
          viewBox="0 0 512 512"
          width="1em"
          xmlns="http://www.w3.org/2000/svg"
        >
          <path
            d="M216 0h80c13.3 0 24 10.7 24 24v168h87.7c17.8 0 26.7 21.5 14.1 34.1L269.7 378.3c-7.5 7.5-19.8 7.5-27.3 0L90.1 226.1c-12.6-12.6-3.7-34.1 14.1-34.1H192V24c0-13.3 10.7-24 24-24zm296 376v112c0 13.3-10.7 24-24 24H24c-13.3 0-24-10.7-24-24V376c0-13.3 10.7-24 24-24h146.7l49 49c20.1 20.1 52.5 20.1 72.6 0l49-49H488c13.3 0 24 10.7 24 24zm-124 88c0-11-9-20-20-20s-20 9-20 20 9 20 20 20 20-9 20-20zm64 0c0-11-9-20-20-20s-20 9-20 20 9 20 20 20 20-9 20-20z"
          />
        </svg>
      </div>
      <div
        className="wkp-menu-item-header-title"
      >
        Grossformatiges PDF exportieren
      </div>
      <div
        className="wkp-menu-item-header-toggler"
      >
        <svg
          fill="currentColor"
          height="1em"
          stroke="currentColor"
          strokeWidth="0"
          style={
            Object {
              "color": undefined,
            }
          }
          viewBox="0 0 320 512"
          width="1em"
          xmlns="http://www.w3.org/2000/svg"
        >
          <path
            d="M177 159.7l136 136c9.4 9.4 9.4 24.6 0 33.9l-22.6 22.6c-9.4 9.4-24.6 9.4-33.9 0L160 255.9l-96.4 96.4c-9.4 9.4-24.6 9.4-33.9 0L7 329.7c-9.4-9.4-9.4-24.6 0-33.9l136-136c9.4-9.5 24.6-9.5 34-.1z"
          />
        </svg>
      </div>
    </div>
    <div
      className=" wkp-collapsible-vertical"
      style={
        Object {
          "height": undefined,
          "maxHeight": null,
        }
      }
    >
      <div
        className="makeStyles-menuContent-1"
      >
        <div
          className="makeStyles-buttonWrapper-2"
        >
          <div
            className="makeStyles-button-3"
            disabled={false}
            onClick={[Function]}
            onKeyPress={[Function]}
            role="button"
            style={
              Object {
                "opacity": 1,
                "pointerEvents": "default",
              }
            }
            tabIndex={0}
            title="Als PNG speichern"
          >
            A0 (72dpi)
          </div>
        </div>
        <div
          className="makeStyles-buttonWrapper-2"
        >
          <div
            className="makeStyles-button-3"
            disabled={false}
            onClick={[Function]}
            onKeyPress={[Function]}
            role="button"
            style={
              Object {
                "opacity": 1,
                "pointerEvents": "default",
              }
            }
            tabIndex={0}
            title="Als PNG speichern"
          >
            A0 (150dpi)
          </div>
        </div>
        <div
          className="makeStyles-buttonWrapper-2"
        >
          <div
            className="makeStyles-button-3"
            disabled={false}
            onClick={[Function]}
            onKeyPress={[Function]}
            role="button"
            style={
              Object {
                "opacity": 1,
                "pointerEvents": "default",
              }
            }
            tabIndex={0}
            title="Als PNG speichern"
          >
            A0 (300dpi)
          </div>
        </div>
        <div
          className="makeStyles-buttonWrapper-2"
        >
          <div
            className="makeStyles-button-3"
            disabled={false}
            onClick={[Function]}
            onKeyPress={[Function]}
            role="button"
            style={
              Object {
                "opacity": 1,
                "pointerEvents": "default",
              }
            }
            tabIndex={0}
            title="Als PNG speichern"
          >
            A1 (72dpi)
          </div>
        </div>
        <div
          className="makeStyles-buttonWrapper-2"
        >
          <div
            className="makeStyles-button-3"
            disabled={false}
            onClick={[Function]}
            onKeyPress={[Function]}
            role="button"
            style={
              Object {
                "opacity": 1,
                "pointerEvents": "default",
              }
            }
            tabIndex={0}
            title="Als PNG speichern"
          >
            A1 (150dpi)
          </div>
        </div>
        <div
          className="makeStyles-buttonWrapper-2"
        >
          <div
            className="makeStyles-button-3"
            disabled={false}
            onClick={[Function]}
            onKeyPress={[Function]}
            role="button"
            style={
              Object {
                "opacity": 1,
                "pointerEvents": "default",
              }
            }
            tabIndex={0}
            title="Als PNG speichern"
          >
            A1 (300dpi)
          </div>
        </div>
      </div>
    </div>
  </div>
</div>
`;

exports[`ExportMenu should match snapshot when not logged in. 1`] = `null`;
