// Jest Snapshot v1, https://goo.gl/fbAQLP

exports[`AppRouter should match snapshot 1`] = `
<div
  className="tm-app header footer menu permalink popup"
>
  <div
    className="tm-map"
    role="menu"
    tabIndex={0}
  />
  <div>
    <div
      className="wkp-header"
    >
      <div
        className="tm-header-left"
      />
      <div
        className="wkp-header-right"
      >
        <img
          alt="SBB Logo"
          src="sbb-logo.png"
        />
      </div>
    </div>
  </div>
  <div />
  <div>
    <div
      className="wkp-footer"
    >
      <div
        className="wkp-footer-left"
      >
        <div
          className="tm-copyright"
        >
          Geodaten OpenStreetMap contributors, © SBB/CFF/FFS
        </div>
      </div>
      <div
        className="wkp-footer-right"
      >
        <div
          className="tm-mouse-position"
        >
          <select
            className="tm-select"
            onChange={[Function]}
            value="EPSG:21781"
          >
            <option
              value="EPSG:21781"
            >
              CH1093 / LV03
            </option>
            <option
              value="EPSG:2056"
            >
              CH1093+ / LV95
            </option>
            <option
              value="EPSG:3857"
            >
              Web Mercator
            </option>
            <option
              value="EPSG:4324"
            >
              WGS 84
            </option>
          </select>
          <span />
        </div>
        <div
          className="tm-scale-line"
        />
        <select
          className="wkp-language-select"
          onChange={[Function]}
          value="de"
        >
          <option
            value="de"
          >
            DE
          </option>
          <option
            value="fr"
          >
            FR
          </option>
          <option
            value="it"
          >
            IT
          </option>
          <option
            value="en"
          >
            EN
          </option>
        </select>
      </div>
    </div>
  </div>
  <div>
    <div
      className="wkp-menu"
    >
      <div
        className="wkp-menu-header "
        onClick={[Function]}
        onKeyPress={[Function]}
        role="button"
        tabIndex="0"
      >
        <div
          className="wkp-menu-toggle-button"
        >
          <div
            className="wkp-menu-toggle-button-icon"
          >
            <img
              alt="Menü"
              src="menu_open.png"
            />
          </div>
          <span
            className="wkp-menu-toggle-text"
          >
            Menü
          </span>
        </div>
        <div
          className="wkp-menu-title large"
        >
          ch.sbb.netzkarte
        </div>
        <div
          className="wkp-menu-toggler"
        >
          <svg
            fill="currentColor"
            height="1em"
            stroke="currentColor"
            strokeWidth="0"
            style={
              Object {
                "color": undefined,
              }
            }
            viewBox="0 0 320 512"
            width="1em"
            xmlns="http://www.w3.org/2000/svg"
          >
            <path
              d="M143 352.3L7 216.3c-9.4-9.4-9.4-24.6 0-33.9l22.6-22.6c9.4-9.4 24.6-9.4 33.9 0l96.4 96.4 96.4-96.4c9.4-9.4 24.6-9.4 33.9 0l22.6 22.6c9.4 9.4 9.4 24.6 0 33.9l-136 136c-9.2 9.4-24.4 9.4-33.8 0z"
            />
          </svg>
        </div>
        <div
          className="wkp-menu-layers hidden"
        >
          Stationen, Stationen, Flughäfen, Bahnhofpläne, Printprodukte
        </div>
      </div>
      <div
        className="wkp-menu-body closed"
      >
        <div
          className="wkp-menu-body-inner"
        >
          <div>
            <div
              className="wkp-topic-menu active"
              onClick={[Function]}
              onKeyPress={[Function]}
              role="button"
              tabIndex={0}
            >
              <div
                className="wkp-topic-title"
              >
                <div
                  className="wkp-topic-radio"
                >
                  <div
                    className="wkp-topic-radio-dot"
                  />
                </div>
                ch.sbb.netzkarte
              </div>
              <div
                className="wkp-layer-toggler"
                style={
                  Object {
                    "display": "block",
                  }
                }
              >
                <svg
                  fill="currentColor"
                  height="1em"
                  stroke="currentColor"
                  strokeWidth="0"
                  style={
                    Object {
                      "color": undefined,
                    }
                  }
                  viewBox="0 0 320 512"
                  width="1em"
                  xmlns="http://www.w3.org/2000/svg"
                >
                  <path
                    d="M143 352.3L7 216.3c-9.4-9.4-9.4-24.6 0-33.9l22.6-22.6c9.4-9.4 24.6-9.4 33.9 0l96.4 96.4 96.4-96.4c9.4-9.4 24.6-9.4 33.9 0l22.6 22.6c9.4 9.4 9.4 24.6 0 33.9l-136 136c-9.2 9.4-24.4 9.4-33.8 0z"
                  />
                </svg>
              </div>
            </div>
            <div
              className="wkp-layer-tree closed"
            >
              <div
                className="tm-layer-tree"
              >
                <div>
                  <div
                    className="tm-layer-tree-item"
                    style={
                      Object {
                        "paddingLeft": "0px",
                      }
                    }
                  >
                    <label
                      className="tm-layer-tree-input tm-layer-tree-input-checkbox tm-checkbox"
                      onKeyPress={[Function]}
                      tabIndex={0}
                    >
                      <input
                        checked={true}
                        onChange={[Function]}
                        onClick={[Function]}
                        tabIndex={-1}
                        type="checkbox"
                      />
                      <span />
                    </label>
                    <div
                      className="tm-layer-tree-toggle"
                      onClick={[Function]}
                      onKeyPress={[Function]}
                      role="button"
                      tabIndex={0}
                    >
                      <div>
                        Bahnhofpläne
                      </div>
                      <div
                        className="tm-layer-tree-arrow tm-layer-tree-arrow-expanded"
                      />
                    </div>
                  </div>
                  <div>
                    <div
                      className="tm-layer-tree-item"
                      style={
                        Object {
                          "paddingLeft": "30px",
                        }
                      }
                    >
                      <label
                        className="tm-layer-tree-input tm-layer-tree-input-radio tm-radio"
                        onKeyPress={[Function]}
                        tabIndex={-1}
                      >
                        <input
                          checked={true}
                          onChange={[Function]}
                          onClick={[Function]}
                          tabIndex={-1}
                          type="radio"
                        />
                        <span />
                      </label>
                      <div
                        className="tm-layer-tree-toggle"
                        onClick={[Function]}
                        onKeyPress={[Function]}
                        role="button"
                        tabIndex={0}
                      >
                        <div>
                          Printprodukte
                        </div>
                      </div>
                    </div>
                  </div>
                  <div>
                    <div
                      className="tm-layer-tree-item"
                      style={
                        Object {
                          "paddingLeft": "30px",
                        }
                      }
                    >
                      <label
                        className="tm-layer-tree-input tm-layer-tree-input-radio tm-radio"
                        onKeyPress={[Function]}
                        tabIndex={-1}
                      >
                        <input
                          checked={false}
                          onChange={[Function]}
                          onClick={[Function]}
                          tabIndex={-1}
                          type="radio"
                        />
                        <span />
                      </label>
                      <div
                        className="tm-layer-tree-toggle"
                        onClick={[Function]}
                        onKeyPress={[Function]}
                        role="button"
                        tabIndex={0}
                      >
                        <div>
                          Interaktiver Bahnhofplan
                        </div>
                      </div>
                    </div>
                  </div>
                </div>
                <div>
                  <div
                    className="tm-layer-tree-item"
                    style={
                      Object {
                        "paddingLeft": "0px",
                      }
                    }
                  >
                    <label
                      className="tm-layer-tree-input tm-layer-tree-input-checkbox tm-checkbox"
                      onKeyPress={[Function]}
                      tabIndex={0}
                    >
                      <input
                        checked={true}
                        onChange={[Function]}
                        onClick={[Function]}
                        tabIndex={-1}
                        type="checkbox"
                      />
                      <span />
                    </label>
                    <div
                      className="tm-layer-tree-toggle"
                      onClick={[Function]}
                      onKeyPress={[Function]}
                      role="button"
                      tabIndex={0}
                    >
                      <div>
                        Stationen
                      </div>
                      <div
                        className="tm-layer-tree-arrow tm-layer-tree-arrow-expanded"
                      />
                    </div>
                  </div>
                  <div>
                    <div
                      className="tm-layer-tree-item"
                      style={
                        Object {
                          "paddingLeft": "30px",
                        }
                      }
                    >
                      <label
                        className="tm-layer-tree-input tm-layer-tree-input-radio tm-radio"
                        onKeyPress={[Function]}
                        tabIndex={-1}
                      >
                        <input
                          checked={true}
                          onChange={[Function]}
                          onClick={[Function]}
                          tabIndex={-1}
                          type="radio"
                        />
                        <span />
                      </label>
                      <div
                        className="tm-layer-tree-toggle"
                        onClick={[Function]}
                        onKeyPress={[Function]}
                        role="button"
                        tabIndex={0}
                      >
                        <div>
                          Flughäfen
                        </div>
                      </div>
                    </div>
                  </div>
                  <div>
                    <div
                      className="tm-layer-tree-item"
                      style={
                        Object {
                          "paddingLeft": "30px",
                        }
                      }
                    >
                      <label
                        className="tm-layer-tree-input tm-layer-tree-input-radio tm-radio"
                        onKeyPress={[Function]}
                        tabIndex={-1}
                      >
                        <input
                          checked={true}
                          onChange={[Function]}
                          onClick={[Function]}
                          tabIndex={-1}
                          type="radio"
                        />
                        <span />
                      </label>
                      <div
                        className="tm-layer-tree-toggle"
                        onClick={[Function]}
                        onKeyPress={[Function]}
                        role="button"
                        tabIndex={0}
                      >
                        <div>
                          Stationen
                        </div>
                      </div>
                    </div>
                  </div>
                </div>
              </div>
            </div>
          </div>
          <div>
            <div
              className="wkp-topic-menu "
              onClick={[Function]}
              onKeyPress={[Function]}
              role="button"
              tabIndex={0}
            >
              <div
                className="wkp-topic-title"
              >
                <div
                  className="wkp-topic-radio"
                />
                ch.sbb.casa
              </div>
              <div
                className="wkp-layer-toggler"
                style={
                  Object {
                    "display": "none",
                  }
                }
              >
                <svg
                  fill="currentColor"
                  height="1em"
                  stroke="currentColor"
                  strokeWidth="0"
                  style={
                    Object {
                      "color": undefined,
                    }
                  }
                  viewBox="0 0 320 512"
                  width="1em"
                  xmlns="http://www.w3.org/2000/svg"
                >
                  <path
                    d="M143 352.3L7 216.3c-9.4-9.4-9.4-24.6 0-33.9l22.6-22.6c9.4-9.4 24.6-9.4 33.9 0l96.4 96.4 96.4-96.4c9.4-9.4 24.6-9.4 33.9 0l22.6 22.6c9.4 9.4 9.4 24.6 0 33.9l-136 136c-9.2 9.4-24.4 9.4-33.8 0z"
                  />
                </svg>
              </div>
            </div>
          </div>
        </div>
      </div>
    </div>
  </div>
  <div />
</div>
`;
